Copyright 1986-2022 Xilinx, Inc. All Rights Reserved. Copyright 2022-2024 Advanced Micro Devices, Inc. All Rights Reserved.
---------------------------------------------------------------------------------------------------------------------------------------------
| Tool Version : Vivado v.2024.2 (lin64) Build 5239630 Fri Nov 08 22:34:34 MST 2024
| Date         : Fri Feb 20 21:22:49 2026
| Host         : laptop running 64-bit Ubuntu 24.04.3 LTS
| Command      : report_utilization -file aes_ctr_unrolled.rpt -append
| Design       : aes_ctr_unrolled
| Device       : xczu7ev-ffvf1517-1LV-i
| Speed File   : -1LV
| Design State : Routed
---------------------------------------------------------------------------------------------------------------------------------------------

Utilization Design Information

Table of Contents
-----------------
1. CLB Logic
1.1 Summary of Registers by Type
2. CLB Logic Distribution
3. BLOCKRAM
4. ARITHMETIC
5. I/O
6. CLOCK
7. ADVANCED
8. CONFIGURATION
9. Primitives
10. Black Boxes
11. Instantiated Netlists

1. CLB Logic
------------

+-------------------------+-------+-------+------------+-----------+-------+
|        Site Type        |  Used | Fixed | Prohibited | Available | Util% |
+-------------------------+-------+-------+------------+-----------+-------+
| CLB LUTs                | 13182 |     0 |          0 |    230400 |  5.72 |
|   LUT as Logic          | 13182 |     0 |          0 |    230400 |  5.72 |
|   LUT as Memory         |     0 |     0 |          0 |    101760 |  0.00 |
| CLB Registers           |   663 |     0 |          0 |    460800 |  0.14 |
|   Register as Flip Flop |   663 |     0 |          0 |    460800 |  0.14 |
|   Register as Latch     |     0 |     0 |          0 |    460800 |  0.00 |
| CARRY8                  |    16 |     0 |          0 |     28800 |  0.06 |
| F7 Muxes                |  4200 |     0 |          0 |    115200 |  3.65 |
| F8 Muxes                |  1816 |     0 |          0 |     57600 |  3.15 |
| F9 Muxes                |     0 |     0 |          0 |     28800 |  0.00 |
+-------------------------+-------+-------+------------+-----------+-------+
* Warning! LUT value is adjusted to account for LUT combining.


1.1 Summary of Registers by Type
--------------------------------

+-------+--------------+-------------+--------------+
| Total | Clock Enable | Synchronous | Asynchronous |
+-------+--------------+-------------+--------------+
| 0     |            _ |           - |            - |
| 0     |            _ |           - |          Set |
| 0     |            _ |           - |        Reset |
| 0     |            _ |         Set |            - |
| 0     |            _ |       Reset |            - |
| 0     |          Yes |           - |            - |
| 0     |          Yes |           - |          Set |
| 0     |          Yes |           - |        Reset |
| 1     |          Yes |         Set |            - |
| 662   |          Yes |       Reset |            - |
+-------+--------------+-------------+--------------+


2. CLB Logic Distribution
-------------------------

+--------------------------------------------+-------+-------+------------+-----------+-------+
|                  Site Type                 |  Used | Fixed | Prohibited | Available | Util% |
+--------------------------------------------+-------+-------+------------+-----------+-------+
| CLB                                        |  2125 |     0 |          0 |     28800 |  7.38 |
|   CLBL                                     |  1042 |     0 |            |           |       |
|   CLBM                                     |  1083 |     0 |            |           |       |
| LUT as Logic                               | 13182 |     0 |          0 |    230400 |  5.72 |
|   using O5 output only                     |     7 |       |            |           |       |
|   using O6 output only                     | 12917 |       |            |           |       |
|   using O5 and O6                          |   258 |       |            |           |       |
| LUT as Memory                              |     0 |     0 |          0 |    101760 |  0.00 |
|   LUT as Distributed RAM                   |     0 |     0 |            |           |       |
|     using O5 output only                   |     0 |       |            |           |       |
|     using O6 output only                   |     0 |       |            |           |       |
|     using O5 and O6                        |     0 |       |            |           |       |
|   LUT as Shift Register                    |     0 |     0 |            |           |       |
|     using O5 output only                   |     0 |       |            |           |       |
|     using O6 output only                   |     0 |       |            |           |       |
|     using O5 and O6                        |     0 |       |            |           |       |
| CLB Registers                              |   663 |     0 |          0 |    460800 |  0.14 |
|   Register driven from within the CLB      |   277 |       |            |           |       |
|   Register driven from outside the CLB     |   386 |       |            |           |       |
|     LUT in front of the register is unused |   105 |       |            |           |       |
|     LUT in front of the register is used   |   281 |       |            |           |       |
| Unique Control Sets                        |     8 |       |          0 |     57600 |  0.01 |
+--------------------------------------------+-------+-------+------------+-----------+-------+
* * Note: Available Control Sets calculated as Slices * 2, Review the Control Sets Report for more information regarding control sets.


3. BLOCKRAM
-----------

+----------------+------+-------+------------+-----------+-------+
|    Site Type   | Used | Fixed | Prohibited | Available | Util% |
+----------------+------+-------+------------+-----------+-------+
| Block RAM Tile |    0 |     0 |          0 |       312 |  0.00 |
|   RAMB36/FIFO* |    0 |     0 |          0 |       312 |  0.00 |
|   RAMB18       |    0 |     0 |          0 |       624 |  0.00 |
| URAM           |    0 |     0 |          0 |        96 |  0.00 |
+----------------+------+-------+------------+-----------+-------+
* Note: Each Block RAM Tile only has one FIFO logic available and therefore can accommodate only one FIFO36E2 or one FIFO18E2. However, if a FIFO18E2 occupies a Block RAM Tile, that tile can still accommodate a RAMB18E2


4. ARITHMETIC
-------------

+-----------+------+-------+------------+-----------+-------+
| Site Type | Used | Fixed | Prohibited | Available | Util% |
+-----------+------+-------+------------+-----------+-------+
| DSPs      |    0 |     0 |          0 |      1728 |  0.00 |
+-----------+------+-------+------------+-----------+-------+


5. I/O
------

+------------------+------+-------+------------+-----------+-------+
|     Site Type    | Used | Fixed | Prohibited | Available | Util% |
+------------------+------+-------+------------+-----------+-------+
| Bonded IOB       |    0 |     0 |          0 |       464 |  0.00 |
| HPIOB_M          |    0 |     0 |          0 |       192 |  0.00 |
| HPIOB_S          |    0 |     0 |          0 |       192 |  0.00 |
| HDIOB_M          |    0 |     0 |          0 |        24 |  0.00 |
| HDIOB_S          |    0 |     0 |          0 |        24 |  0.00 |
| HPIOB_SNGL       |    0 |     0 |          0 |        32 |  0.00 |
| HPIOBDIFFINBUF   |    0 |     0 |          0 |       192 |  0.00 |
| HPIOBDIFFOUTBUF  |    0 |     0 |          0 |       192 |  0.00 |
| HDIOBDIFFINBUF   |    0 |     0 |          0 |        48 |  0.00 |
| BITSLICE_CONTROL |    0 |     0 |          0 |        64 |  0.00 |
| BITSLICE_RX_TX   |    0 |     0 |          0 |      2496 |  0.00 |
| BITSLICE_TX      |    0 |     0 |          0 |        64 |  0.00 |
| RIU_OR           |    0 |     0 |          0 |        32 |  0.00 |
+------------------+------+-------+------------+-----------+-------+


6. CLOCK
--------

+------------+------+-------+------------+-----------+-------+
|  Site Type | Used | Fixed | Prohibited | Available | Util% |
+------------+------+-------+------------+-----------+-------+
| BUFGCE     |    0 |     0 |          0 |       208 |  0.00 |
| BUFGCE_DIV |    0 |     0 |          0 |        32 |  0.00 |
| BUFG_GT    |    0 |     0 |          0 |       144 |  0.00 |
| BUFG_PS    |    0 |     0 |          0 |        96 |  0.00 |
| BUFGCTRL*  |    0 |     0 |          0 |        64 |  0.00 |
| PLL        |    0 |     0 |          0 |        16 |  0.00 |
| MMCM       |    0 |     0 |          0 |         8 |  0.00 |
+------------+------+-------+------------+-----------+-------+
* Note: Each used BUFGCTRL counts as two GLOBAL CLOCK BUFFERs. This table does not include global clocking resources, only buffer cell usage. See the Clock Utilization Report (report_clock_utilization) for detailed accounting of global clocking resource availability.


7. ADVANCED
-----------

+-----------------+------+-------+------------+-----------+-------+
|    Site Type    | Used | Fixed | Prohibited | Available | Util% |
+-----------------+------+-------+------------+-----------+-------+
| GTHE4_CHANNEL   |    0 |     0 |          0 |        24 |  0.00 |
| GTHE4_COMMON    |    0 |     0 |          0 |         6 |  0.00 |
| OBUFDS_GTE4     |    0 |     0 |          0 |        12 |  0.00 |
| OBUFDS_GTE4_ADV |    0 |     0 |          0 |        12 |  0.00 |
| PCIE40E4        |    0 |     0 |          0 |         2 |  0.00 |
| PS8             |    0 |     0 |          0 |         1 |  0.00 |
| SYSMONE4        |    0 |     0 |          0 |         1 |  0.00 |
| VCU             |    0 |     0 |          0 |         1 |  0.00 |
+-----------------+------+-------+------------+-----------+-------+


8. CONFIGURATION
----------------

+-------------+------+-------+------------+-----------+-------+
|  Site Type  | Used | Fixed | Prohibited | Available | Util% |
+-------------+------+-------+------------+-----------+-------+
| BSCANE2     |    0 |     0 |          0 |         4 |  0.00 |
| DNA_PORTE2  |    0 |     0 |          0 |         1 |  0.00 |
| EFUSE_USR   |    0 |     0 |          0 |         1 |  0.00 |
| FRAME_ECCE4 |    0 |     0 |          0 |         1 |  0.00 |
| ICAPE3      |    0 |     0 |          0 |         2 |  0.00 |
| MASTER_JTAG |    0 |     0 |          0 |         1 |  0.00 |
| STARTUPE3   |    0 |     0 |          0 |         1 |  0.00 |
+-------------+------+-------+------------+-----------+-------+


9. Primitives
-------------

+----------+-------+---------------------+
| Ref Name |  Used | Functional Category |
+----------+-------+---------------------+
| LUT6     | 10832 |                 CLB |
| MUXF7    |  4200 |                 CLB |
| MUXF8    |  1816 |                 CLB |
| LUT2     |  1124 |                 CLB |
| FDRE     |   662 |            Register |
| LUT5     |   641 |                 CLB |
| LUT3     |   567 |                 CLB |
| LUT4     |   276 |                 CLB |
| CARRY8   |    16 |                 CLB |
| FDSE     |     1 |            Register |
+----------+-------+---------------------+


10. Black Boxes
---------------

+----------+------+
| Ref Name | Used |
+----------+------+


11. Instantiated Netlists
-------------------------

+----------+------+
| Ref Name | Used |
+----------+------+


Copyright 1986-2022 Xilinx, Inc. All Rights Reserved. Copyright 2022-2024 Advanced Micro Devices, Inc. All Rights Reserved.
--------------------------------------------------------------------------------------------------------------------------------------------------
| Tool Version      : Vivado v.2024.2 (lin64) Build 5239630 Fri Nov 08 22:34:34 MST 2024
| Date              : Fri Feb 20 21:23:19 2026
| Host              : laptop running 64-bit Ubuntu 24.04.3 LTS
| Command           : report_timing_summary -file aes_ctr_unrolled.rpt -append
| Design            : aes_ctr_unrolled
| Device            : xczu7ev-ffvf1517
| Speed File        : -1LV  PRODUCTION 1.30 05-15-2022
| Design State      : Routed
| Temperature Grade : I
--------------------------------------------------------------------------------------------------------------------------------------------------

Timing Summary Report

------------------------------------------------------------------------------------------------
| Timer Settings
| --------------
------------------------------------------------------------------------------------------------

  Enable Multi Corner Analysis               :  Yes
  Enable Pessimism Removal                   :  Yes
  Pessimism Removal Resolution               :  Nearest Common Node
  Enable Input Delay Default Clock           :  No
  Enable Preset / Clear Arcs                 :  No
  Disable Flight Delays                      :  No
  Ignore I/O Paths                           :  No
  Timing Early Launch at Borrowing Latches   :  No
  Borrow Time for Max Delay Exceptions       :  Yes
  Merge Timing Exceptions                    :  Yes
  Inter-SLR Compensation                     :  Conservative

  Corner  Analyze    Analyze    
  Name    Max Paths  Min Paths  
  ------  ---------  ---------  
  Slow    Yes        Yes        
  Fast    Yes        Yes        


------------------------------------------------------------------------------------------------
| Report Methodology
| ------------------
------------------------------------------------------------------------------------------------

Rule       Severity  Description                    Violations  
---------  --------  -----------------------------  ----------  
TIMING-18  Warning   Missing input or output delay  295         

Note: This report is based on the most recent report_methodology run and may not be up-to-date. Run report_methodology on the current design for the latest report.



check_timing report

Table of Contents
-----------------
1. checking no_clock (0)
2. checking constant_clock (0)
3. checking pulse_width_clock (0)
4. checking unconstrained_internal_endpoints (0)
5. checking no_input_delay (148)
6. checking no_output_delay (147)
7. checking multiple_clock (0)
8. checking generated_clocks (0)
9. checking loops (0)
10. checking partial_input_delay (0)
11. checking partial_output_delay (0)
12. checking latch_loops (0)

1. checking no_clock (0)
------------------------
 There are 0 register/latch pins with no clock.


2. checking constant_clock (0)
------------------------------
 There are 0 register/latch pins with constant_clock.


3. checking pulse_width_clock (0)
---------------------------------
 There are 0 register/latch pins which need pulse_width check


4. checking unconstrained_internal_endpoints (0)
------------------------------------------------
 There are 0 pins that are not constrained for maximum delay.

 There are 0 pins that are not constrained for maximum delay due to constant clock.


5. checking no_input_delay (148)
--------------------------------
 There are 148 input ports with no input delay specified. (HIGH)

 There are 0 input ports with no input delay but user has a false path constraint.


6. checking no_output_delay (147)
---------------------------------
 There are 147 ports with no output delay specified. (HIGH)

 There are 0 ports with no output delay but user has a false path constraint

 There are 0 ports with no output delay but with a timing clock defined on it or propagating through it


7. checking multiple_clock (0)
------------------------------
 There are 0 register/latch pins with multiple clocks.


8. checking generated_clocks (0)
--------------------------------
 There are 0 generated clocks that are not connected to a clock source.


9. checking loops (0)
---------------------
 There are 0 combinational loops in the design.


10. checking partial_input_delay (0)
------------------------------------
 There are 0 input ports with partial input delay specified.


11. checking partial_output_delay (0)
-------------------------------------
 There are 0 ports with partial output delay specified.


12. checking latch_loops (0)
----------------------------
 There are 0 combinational latch loops in the design through latch input



------------------------------------------------------------------------------------------------
| Design Timing Summary
| ---------------------
------------------------------------------------------------------------------------------------

    WNS(ns)      TNS(ns)  TNS Failing Endpoints  TNS Total Endpoints      WHS(ns)      THS(ns)  THS Failing Endpoints  THS Total Endpoints     WPWS(ns)     TPWS(ns)  TPWS Failing Endpoints  TPWS Total Endpoints  
    -------      -------  ---------------------  -------------------      -------      -------  ---------------------  -------------------     --------     --------  ----------------------  --------------------  
      1.563        0.000                      0                  940        0.108        0.000                      0                  940       15.825        0.000                       0                   663  


All user specified timing constraints are met.


------------------------------------------------------------------------------------------------
| Clock Summary
| -------------
------------------------------------------------------------------------------------------------

Clock  Waveform(ns)       Period(ns)      Frequency(MHz)
-----  ------------       ----------      --------------
clk    {0.000 16.100}     32.200          31.056          


------------------------------------------------------------------------------------------------
| Intra Clock Table
| -----------------
------------------------------------------------------------------------------------------------

Clock             WNS(ns)      TNS(ns)  TNS Failing Endpoints  TNS Total Endpoints      WHS(ns)      THS(ns)  THS Failing Endpoints  THS Total Endpoints     WPWS(ns)     TPWS(ns)  TPWS Failing Endpoints  TPWS Total Endpoints  
-----             -------      -------  ---------------------  -------------------      -------      -------  ---------------------  -------------------     --------     --------  ----------------------  --------------------  
clk                 1.563        0.000                      0                  940        0.108        0.000                      0                  940       15.825        0.000                       0                   663  


------------------------------------------------------------------------------------------------
| Inter Clock Table
| -----------------
------------------------------------------------------------------------------------------------

From Clock    To Clock          WNS(ns)      TNS(ns)  TNS Failing Endpoints  TNS Total Endpoints      WHS(ns)      THS(ns)  THS Failing Endpoints  THS Total Endpoints  
----------    --------          -------      -------  ---------------------  -------------------      -------      -------  ---------------------  -------------------  


------------------------------------------------------------------------------------------------
| Other Path Groups Table
| -----------------------
------------------------------------------------------------------------------------------------

Path Group    From Clock    To Clock          WNS(ns)      TNS(ns)  TNS Failing Endpoints  TNS Total Endpoints      WHS(ns)      THS(ns)  THS Failing Endpoints  THS Total Endpoints  
----------    ----------    --------          -------      -------  ---------------------  -------------------      -------      -------  ---------------------  -------------------  


------------------------------------------------------------------------------------------------
| Timing Details
| --------------
------------------------------------------------------------------------------------------------


---------------------------------------------------------------------------------------------------
From Clock:  clk
  To Clock:  clk

Setup :            0  Failing Endpoints,  Worst Slack        1.563ns,  Total Violation        0.000ns
Hold  :            0  Failing Endpoints,  Worst Slack        0.108ns,  Total Violation        0.000ns
PW    :            0  Failing Endpoints,  Worst Slack       15.825ns,  Total Violation        0.000ns
---------------------------------------------------------------------------------------------------


Max Delay Paths
--------------------------------------------------------------------------------------
Slack (MET) :             1.563ns  (required time - arrival time)
  Source:                 counter_reg_reg[44]/C
                            (rising edge-triggered cell FDRE clocked by clk  {rise@0.000ns fall@16.100ns period=32.200ns})
  Destination:            output_block_reg_reg[121]/D
                            (rising edge-triggered cell FDRE clocked by clk  {rise@0.000ns fall@16.100ns period=32.200ns})
  Path Group:             clk
  Path Type:              Setup (Max at Slow Process Corner)
  Requirement:            32.200ns  (clk rise@32.200ns - clk rise@0.000ns)
  Data Path Delay:        30.630ns  (logic 11.598ns (37.865%)  route 19.032ns (62.135%))
  Logic Levels:           80  (LUT2=21 LUT3=2 LUT4=1 LUT6=28 MUXF7=14 MUXF8=14)
  Clock Path Skew:        -0.016ns (DCD - SCD + CPR)
    Destination Clock Delay (DCD):    0.034ns = ( 32.234 - 32.200 ) 
    Source Clock Delay      (SCD):    0.050ns
    Clock Pessimism Removal (CPR):    0.000ns
  Clock Uncertainty:      0.035ns  ((TSJ^2 + TIJ^2)^1/2 + DJ) / 2 + PE
    Total System Jitter     (TSJ):    0.071ns
    Total Input Jitter      (TIJ):    0.000ns
    Discrete Jitter          (DJ):    0.000ns
    Phase Error              (PE):    0.000ns

    Location             Delay type                Incr(ns)  Path(ns)    Netlist Resource(s)
  -------------------------------------------------------------------    -------------------
                         (clock clk rise edge)        0.000     0.000 r  
                                                      0.000     0.000 r  Clk (IN)
                         net (fo=662, unset)          0.050     0.050    Clk
    SLICE_X82Y198        FDRE                                         r  counter_reg_reg[44]/C
  -------------------------------------------------------------------    -------------------
    SLICE_X82Y198        FDRE (Prop_EFF_SLICEL_C_Q)
                                                      0.135     0.185 r  counter_reg_reg[44]/Q
                         net (fo=2, routed)           0.364     0.549    genblk2[14].round_inst/sb_inst/genblk1[9].aes_sbox_inst/out[4]
    SLICE_X79Y197        LUT2 (Prop_G5LUT_SLICEM_I1_O)
                                                      0.273     0.822 r  genblk2[14].round_inst/sb_inst/genblk1[9].aes_sbox_inst/g0_b0__249_i_5/O
                         net (fo=32, routed)          0.482     1.303    genblk2[14].round_inst/sb_inst/genblk1[9].aes_sbox_inst/round_block[0][84]
    SLICE_X77Y194        LUT6 (Prop_E6LUT_SLICEL_I4_O)
                                                      0.250     1.553 r  genblk2[14].round_inst/sb_inst/genblk1[9].aes_sbox_inst/g3_b7__249/O
                         net (fo=1, routed)           0.011     1.564    genblk2[1].round_inst/sb_inst/genblk1[10].aes_sbox_inst/g0_b0__224_i_9_3
    SLICE_X77Y194        MUXF7 (Prop_F7MUX_EF_SLICEL_I1_O)
                                                      0.109     1.673 r  genblk2[1].round_inst/sb_inst/genblk1[10].aes_sbox_inst/g0_b0__224_i_22/O
                         net (fo=1, routed)           0.000     1.673    genblk2[1].round_inst/sb_inst/genblk1[10].aes_sbox_inst/g0_b0__224_i_22_n_0
    SLICE_X77Y194        MUXF8 (Prop_F8MUX_TOP_SLICEL_I1_O)
                                                      0.037     1.710 r  genblk2[1].round_inst/sb_inst/genblk1[10].aes_sbox_inst/g0_b0__224_i_9/O
                         net (fo=4, routed)           0.282     1.992    genblk2[1].round_inst/sb_inst/genblk1[15].aes_sbox_inst/g0_b0__219_i_24
    SLICE_X77Y197        LUT2 (Prop_F5LUT_SLICEL_I1_O)
                                                      0.241     2.233 r  genblk2[1].round_inst/sb_inst/genblk1[15].aes_sbox_inst/g0_b0__225_i_7/O
                         net (fo=6, routed)           0.288     2.522    genblk2[1].round_inst/sb_inst/genblk1[15].aes_sbox_inst/g0_b0__224_i_9
    SLICE_X75Y198        LUT6 (Prop_F6LUT_SLICEL_I1_O)
                                                      0.170     2.692 r  genblk2[1].round_inst/sb_inst/genblk1[15].aes_sbox_inst/g0_b0__225_i_10/O
                         net (fo=1, routed)           0.127     2.819    genblk2[1].round_inst/sb_inst/genblk1[15].aes_sbox_inst/mc_inst/enc_block[19]
    SLICE_X75Y198        LUT2 (Prop_E5LUT_SLICEL_I1_O)
                                                      0.189     3.008 r  genblk2[1].round_inst/sb_inst/genblk1[15].aes_sbox_inst/g0_b0__225_i_4/O
                         net (fo=32, routed)          0.467     3.475    genblk2[1].round_inst/sb_inst/genblk1[15].aes_sbox_inst/round_block[1][19]
    SLICE_X78Y203        LUT6 (Prop_D6LUT_SLICEM_I3_O)
                                                      0.170     3.645 r  genblk2[1].round_inst/sb_inst/genblk1[15].aes_sbox_inst/g0_b1__225/O
                         net (fo=1, routed)           0.032     3.677    genblk2[2].round_inst/sb_inst/genblk1[2].aes_sbox_inst/g0_b0__216_i_13_0
    SLICE_X78Y203        MUXF7 (Prop_F7MUX_CD_SLICEM_I0_O)
                                                      0.124     3.801 r  genblk2[2].round_inst/sb_inst/genblk1[2].aes_sbox_inst/g0_b0__216_i_30/O
                         net (fo=1, routed)           0.000     3.801    genblk2[2].round_inst/sb_inst/genblk1[2].aes_sbox_inst/g0_b0__216_i_30_n_0
    SLICE_X78Y203        MUXF8 (Prop_F8MUX_BOT_SLICEM_I0_O)
                                                      0.043     3.844 r  genblk2[2].round_inst/sb_inst/genblk1[2].aes_sbox_inst/g0_b0__216_i_13/O
                         net (fo=5, routed)           0.724     4.568    genblk2[1].round_inst/sb_inst/genblk1[13].aes_sbox_inst/g0_b0__218_i_2
    SLICE_X85Y210        LUT6 (Prop_C6LUT_SLICEL_I1_O)
                                                      0.215     4.783 r  genblk2[1].round_inst/sb_inst/genblk1[13].aes_sbox_inst/g0_b0__218_i_11/O
                         net (fo=1, routed)           0.063     4.846    genblk1[2].key_expansion_inst_11/genblk1[3].aes_sbox_inst/enc_block_6[6]
    SLICE_X85Y210        LUT2 (Prop_A6LUT_SLICEL_I1_O)
                                                      0.153     4.999 r  genblk1[2].key_expansion_inst_11/genblk1[3].aes_sbox_inst/g0_b0__218_i_2/O
                         net (fo=32, routed)          0.518     5.517    genblk2[1].round_inst/sb_inst/genblk1[13].aes_sbox_inst/g0_b0__206_i_13[0]
    SLICE_X89Y209        LUT6 (Prop_G6LUT_SLICEM_I1_O)
                                                      0.215     5.732 r  genblk2[1].round_inst/sb_inst/genblk1[13].aes_sbox_inst/g1_b7__218/O
                         net (fo=1, routed)           0.021     5.753    genblk2[3].round_inst/sb_inst/genblk1[11].aes_sbox_inst/g0_b0__206_i_7_1
    SLICE_X89Y209        MUXF7 (Prop_F7MUX_GH_SLICEM_I1_O)
                                                      0.119     5.872 r  genblk2[3].round_inst/sb_inst/genblk1[11].aes_sbox_inst/g0_b0__206_i_12/O
                         net (fo=1, routed)           0.000     5.872    genblk2[3].round_inst/sb_inst/genblk1[11].aes_sbox_inst/g0_b0__206_i_12_n_0
    SLICE_X89Y209        MUXF8 (Prop_F8MUX_TOP_SLICEM_I0_O)
                                                      0.038     5.910 r  genblk2[3].round_inst/sb_inst/genblk1[11].aes_sbox_inst/g0_b0__206_i_7/O
                         net (fo=5, routed)           0.536     6.445    genblk2[1].round_inst/sb_inst/genblk1[13].aes_sbox_inst/g0_b0__180_i_9_0
    SLICE_X88Y199        LUT2 (Prop_E5LUT_SLICEM_I0_O)
                                                      0.236     6.681 r  genblk2[1].round_inst/sb_inst/genblk1[13].aes_sbox_inst/g0_b0__206_i_16/O
                         net (fo=2, routed)           0.257     6.939    genblk2[1].round_inst/sb_inst/genblk1[10].aes_sbox_inst/g0_b0__206_i_4
    SLICE_X88Y199        LUT6 (Prop_D6LUT_SLICEM_I5_O)
                                                      0.058     6.997 r  genblk2[1].round_inst/sb_inst/genblk1[10].aes_sbox_inst/g0_b0__206_i_10/O
                         net (fo=1, routed)           0.059     7.056    genblk1[2].key_expansion_inst_11/genblk1[3].aes_sbox_inst/enc_block_4[10]
    SLICE_X88Y199        LUT2 (Prop_A5LUT_SLICEM_I1_O)
                                                      0.115     7.171 r  genblk1[2].key_expansion_inst_11/genblk1[3].aes_sbox_inst/g0_b0__206_i_4/O
                         net (fo=32, routed)          0.510     7.681    genblk2[1].round_inst/sb_inst/genblk1[10].aes_sbox_inst/g0_b0__178_i_19[1]
    SLICE_X93Y197        LUT6 (Prop_C6LUT_SLICEM_I3_O)
                                                      0.247     7.928 r  genblk2[1].round_inst/sb_inst/genblk1[10].aes_sbox_inst/g1_b7__206/O
                         net (fo=1, routed)           0.029     7.957    genblk2[4].round_inst/sb_inst/genblk1[15].aes_sbox_inst/g0_b0__178_i_7_1
    SLICE_X93Y197        MUXF7 (Prop_F7MUX_CD_SLICEM_I1_O)
                                                      0.124     8.081 r  genblk2[4].round_inst/sb_inst/genblk1[15].aes_sbox_inst/g0_b0__178_i_18/O
                         net (fo=1, routed)           0.000     8.081    genblk2[4].round_inst/sb_inst/genblk1[15].aes_sbox_inst/g0_b0__178_i_18_n_0
    SLICE_X93Y197        MUXF8 (Prop_F8MUX_BOT_SLICEM_I0_O)
                                                      0.043     8.124 r  genblk2[4].round_inst/sb_inst/genblk1[15].aes_sbox_inst/g0_b0__178_i_7/O
                         net (fo=4, routed)           0.591     8.715    genblk2[1].round_inst/sb_inst/genblk1[10].aes_sbox_inst/g0_b0__168_i_9_1
    SLICE_X95Y194        LUT2 (Prop_E5LUT_SLICEL_I0_O)
                                                      0.189     8.904 r  genblk2[1].round_inst/sb_inst/genblk1[10].aes_sbox_inst/g0_b0__178_i_27/O
                         net (fo=3, routed)           0.245     9.149    genblk2[1].round_inst/sb_inst/genblk1[11].aes_sbox_inst/g0_b0__178_i_4
    SLICE_X95Y194        LUT6 (Prop_C6LUT_SLICEL_I5_O)
                                                      0.170     9.319 r  genblk2[1].round_inst/sb_inst/genblk1[11].aes_sbox_inst/g0_b0__178_i_14/O
                         net (fo=1, routed)           0.474     9.793    genblk1[2].key_expansion_inst_11/genblk1[0].aes_sbox_inst/enc_block_16[1]
    SLICE_X90Y183        LUT2 (Prop_G6LUT_SLICEL_I1_O)
                                                      0.093     9.886 r  genblk1[2].key_expansion_inst_11/genblk1[0].aes_sbox_inst/g0_b0__178_i_4/O
                         net (fo=32, routed)          0.374    10.260    genblk2[1].round_inst/sb_inst/genblk1[11].aes_sbox_inst/g0_b0__166_i_13[1]
    SLICE_X89Y179        LUT6 (Prop_F6LUT_SLICEM_I3_O)
                                                      0.169    10.429 r  genblk2[1].round_inst/sb_inst/genblk1[11].aes_sbox_inst/g2_b7__178/O
                         net (fo=1, routed)           0.030    10.459    genblk2[5].round_inst/sb_inst/genblk1[3].aes_sbox_inst/g0_b0__166_i_7_2
    SLICE_X89Y179        MUXF7 (Prop_F7MUX_EF_SLICEM_I0_O)
                                                      0.124    10.583 r  genblk2[5].round_inst/sb_inst/genblk1[3].aes_sbox_inst/g0_b0__166_i_13/O
                         net (fo=1, routed)           0.000    10.583    genblk2[5].round_inst/sb_inst/genblk1[3].aes_sbox_inst/g0_b0__166_i_13_n_0
    SLICE_X89Y179        MUXF8 (Prop_F8MUX_TOP_SLICEM_I1_O)
                                                      0.040    10.623 r  genblk2[5].round_inst/sb_inst/genblk1[3].aes_sbox_inst/g0_b0__166_i_7/O
                         net (fo=4, routed)           0.458    11.081    genblk2[1].round_inst/sb_inst/genblk1[11].aes_sbox_inst/g0_b0__44_i_9_1
    SLICE_X88Y175        LUT2 (Prop_E5LUT_SLICEM_I0_O)
                                                      0.172    11.253 r  genblk2[1].round_inst/sb_inst/genblk1[11].aes_sbox_inst/g0_b0__165_i_7/O
                         net (fo=6, routed)           0.436    11.690    genblk2[1].round_inst/sb_inst/genblk1[11].aes_sbox_inst/g0_b0__164_i_9
    SLICE_X88Y172        LUT6 (Prop_D6LUT_SLICEM_I1_O)
                                                      0.091    11.781 r  genblk2[1].round_inst/sb_inst/genblk1[11].aes_sbox_inst/g0_b0__165_i_8/O
                         net (fo=1, routed)           0.056    11.837    genblk1[2].key_expansion_inst_11/genblk1[2].aes_sbox_inst/enc_block_13[3]
    SLICE_X88Y172        LUT2 (Prop_B6LUT_SLICEM_I1_O)
                                                      0.093    11.930 r  genblk1[2].key_expansion_inst_11/genblk1[2].aes_sbox_inst/g0_b0__165_i_2/O
                         net (fo=32, routed)          0.569    12.498    genblk2[1].round_inst/sb_inst/genblk1[11].aes_sbox_inst/g0_b0__44_i_22[0]
    SLICE_X95Y169        LUT6 (Prop_H6LUT_SLICEL_I1_O)
                                                      0.173    12.671 r  genblk2[1].round_inst/sb_inst/genblk1[11].aes_sbox_inst/g0_b4__165/O
                         net (fo=1, routed)           0.015    12.686    genblk2[6].round_inst/sb_inst/genblk1[6].aes_sbox_inst/g0_b0__44_i_15_0
    SLICE_X95Y169        MUXF7 (Prop_F7MUX_GH_SLICEL_I0_O)
                                                      0.112    12.798 r  genblk2[6].round_inst/sb_inst/genblk1[6].aes_sbox_inst/g0_b0__44_i_29/O
                         net (fo=1, routed)           0.000    12.798    genblk2[6].round_inst/sb_inst/genblk1[6].aes_sbox_inst/g0_b0__44_i_29_n_0
    SLICE_X95Y169        MUXF8 (Prop_F8MUX_TOP_SLICEL_I0_O)
                                                      0.038    12.836 r  genblk2[6].round_inst/sb_inst/genblk1[6].aes_sbox_inst/g0_b0__44_i_15/O
                         net (fo=5, routed)           0.345    13.181    genblk2[1].round_inst/sb_inst/genblk1[11].aes_sbox_inst/g0_b0__44_5
    SLICE_X94Y167        LUT2 (Prop_E5LUT_SLICEM_I0_O)
                                                      0.192    13.373 r  genblk2[1].round_inst/sb_inst/genblk1[11].aes_sbox_inst/g0_b0__44_i_28/O
                         net (fo=1, routed)           0.248    13.621    genblk2[1].round_inst/sb_inst/genblk1[11].aes_sbox_inst/g0_b0__44_i_28_n_0
    SLICE_X94Y167        LUT6 (Prop_D6LUT_SLICEM_I3_O)
                                                      0.170    13.791 r  genblk2[1].round_inst/sb_inst/genblk1[11].aes_sbox_inst/g0_b0__44_i_14/O
                         net (fo=1, routed)           0.305    14.096    genblk1[2].key_expansion_inst_11/genblk1[1].aes_sbox_inst/enc_block_1[5]
    SLICE_X90Y166        LUT2 (Prop_E6LUT_SLICEL_I1_O)
                                                      0.172    14.268 r  genblk1[2].key_expansion_inst_11/genblk1[1].aes_sbox_inst/g0_b0__44_i_5/O
                         net (fo=32, routed)          0.152    14.420    genblk2[1].round_inst/sb_inst/genblk1[11].aes_sbox_inst/g0_b0__56_i_18[2]
    SLICE_X90Y165        LUT6 (Prop_A6LUT_SLICEL_I4_O)
                                                      0.172    14.592 r  genblk2[1].round_inst/sb_inst/genblk1[11].aes_sbox_inst/g3_b7__44/O
                         net (fo=1, routed)           0.014    14.606    genblk2[7].round_inst/sb_inst/genblk1[13].aes_sbox_inst/g0_b0__56_i_13_3
    SLICE_X90Y165        MUXF7 (Prop_F7MUX_AB_SLICEL_I1_O)
                                                      0.111    14.717 r  genblk2[7].round_inst/sb_inst/genblk1[13].aes_sbox_inst/g0_b0__56_i_18/O
                         net (fo=1, routed)           0.000    14.717    genblk2[7].round_inst/sb_inst/genblk1[13].aes_sbox_inst/g0_b0__56_i_18_n_0
    SLICE_X90Y165        MUXF8 (Prop_F8MUX_BOT_SLICEL_I1_O)
                                                      0.035    14.752 r  genblk2[7].round_inst/sb_inst/genblk1[13].aes_sbox_inst/g0_b0__56_i_13/O
                         net (fo=4, routed)           0.478    15.230    genblk2[1].round_inst/sb_inst/genblk1[11].aes_sbox_inst/g0_b0__74_i_8_1
    SLICE_X83Y164        LUT2 (Prop_G6LUT_SLICEM_I0_O)
                                                      0.093    15.323 r  genblk2[1].round_inst/sb_inst/genblk1[11].aes_sbox_inst/g0_b0__55_i_14/O
                         net (fo=6, routed)           0.223    15.546    genblk2[1].round_inst/sb_inst/genblk1[11].aes_sbox_inst/g0_b0__58_i_14
    SLICE_X84Y165        LUT6 (Prop_D6LUT_SLICEM_I1_O)
                                                      0.247    15.793 r  genblk2[1].round_inst/sb_inst/genblk1[11].aes_sbox_inst/g0_b0__55_i_11/O
                         net (fo=1, routed)           0.286    16.079    genblk1[2].key_expansion_inst_11/genblk1[0].aes_sbox_inst/enc_block0129_out[4]
    SLICE_X87Y161        LUT4 (Prop_G6LUT_SLICEL_I3_O)
                                                      0.093    16.172 r  genblk1[2].key_expansion_inst_11/genblk1[0].aes_sbox_inst/g0_b0__55_i_5/O
                         net (fo=32, routed)          0.456    16.628    genblk1[2].key_expansion_inst_11/genblk1[0].aes_sbox_inst/round_block[7][68]
    SLICE_X88Y155        LUT6 (Prop_F6LUT_SLICEM_I4_O)
                                                      0.214    16.842 r  genblk1[2].key_expansion_inst_11/genblk1[0].aes_sbox_inst/g2_b0__55/O
                         net (fo=1, routed)           0.030    16.872    genblk2[8].round_inst/sb_inst/genblk1[8].aes_sbox_inst/g0_b0__72_i_7_2
    SLICE_X88Y155        MUXF7 (Prop_F7MUX_EF_SLICEM_I0_O)
                                                      0.124    16.996 r  genblk2[8].round_inst/sb_inst/genblk1[8].aes_sbox_inst/g0_b0__72_i_18/O
                         net (fo=1, routed)           0.000    16.996    genblk2[8].round_inst/sb_inst/genblk1[8].aes_sbox_inst/g0_b0__72_i_18_n_0
    SLICE_X88Y155        MUXF8 (Prop_F8MUX_TOP_SLICEM_I1_O)
                                                      0.040    17.036 r  genblk2[8].round_inst/sb_inst/genblk1[8].aes_sbox_inst/g0_b0__72_i_7/O
                         net (fo=5, routed)           0.526    17.561    genblk1[2].key_expansion_inst_11/genblk1[0].aes_sbox_inst/g0_b0__74_i_2
    SLICE_X90Y152        LUT6 (Prop_H6LUT_SLICEL_I0_O)
                                                      0.255    17.816 r  genblk1[2].key_expansion_inst_11/genblk1[0].aes_sbox_inst/g0_b0__74_i_9/O
                         net (fo=1, routed)           0.519    18.335    genblk1[2].key_expansion_inst_11/genblk1[3].aes_sbox_inst/g0_b0__74_0[0]
    SLICE_X84Y148        LUT2 (Prop_G5LUT_SLICEM_I1_O)
                                                      0.189    18.524 r  genblk1[2].key_expansion_inst_11/genblk1[3].aes_sbox_inst/g0_b0__74_i_2/O
                         net (fo=32, routed)          0.663    19.187    genblk1[2].key_expansion_inst_11/genblk1[3].aes_sbox_inst/round_block[8][89]
    SLICE_X78Y141        LUT6 (Prop_F6LUT_SLICEM_I1_O)
                                                      0.214    19.401 r  genblk1[2].key_expansion_inst_11/genblk1[3].aes_sbox_inst/g2_b7__74/O
                         net (fo=1, routed)           0.030    19.431    genblk2[9].round_inst/sb_inst/genblk1[11].aes_sbox_inst/g0_b0__94_i_7_2
    SLICE_X78Y141        MUXF7 (Prop_F7MUX_EF_SLICEM_I0_O)
                                                      0.124    19.555 r  genblk2[9].round_inst/sb_inst/genblk1[11].aes_sbox_inst/g0_b0__94_i_13/O
                         net (fo=1, routed)           0.000    19.555    genblk2[9].round_inst/sb_inst/genblk1[11].aes_sbox_inst/g0_b0__94_i_13_n_0
    SLICE_X78Y141        MUXF8 (Prop_F8MUX_TOP_SLICEM_I1_O)
                                                      0.040    19.595 r  genblk2[9].round_inst/sb_inst/genblk1[11].aes_sbox_inst/g0_b0__94_i_7/O
                         net (fo=5, routed)           0.341    19.937    genblk1[2].key_expansion_inst_11/genblk1[3].aes_sbox_inst/g0_b0__94_i_5_1
    SLICE_X79Y143        LUT2 (Prop_E5LUT_SLICEM_I0_O)
                                                      0.236    20.173 r  genblk1[2].key_expansion_inst_11/genblk1[3].aes_sbox_inst/g0_b0__93_i_7/O
                         net (fo=6, routed)           0.468    20.641    genblk1[2].key_expansion_inst_11/genblk1[3].aes_sbox_inst/g0_b0__92_i_9
    SLICE_X80Y141        LUT6 (Prop_C6LUT_SLICEL_I1_O)
                                                      0.170    20.811 r  genblk1[2].key_expansion_inst_11/genblk1[3].aes_sbox_inst/g0_b0__93_i_8/O
                         net (fo=1, routed)           0.147    20.958    genblk1[2].key_expansion_inst_11/genblk1[2].aes_sbox_inst/enc_block_2[9]
    SLICE_X80Y140        LUT2 (Prop_F6LUT_SLICEL_I1_O)
                                                      0.058    21.016 r  genblk1[2].key_expansion_inst_11/genblk1[2].aes_sbox_inst/g0_b0__93_i_2/O
                         net (fo=32, routed)          0.266    21.282    genblk1[2].key_expansion_inst_11/genblk1[3].aes_sbox_inst/g0_b0__100_i_22[8]
    SLICE_X81Y139        LUT6 (Prop_H6LUT_SLICEM_I1_O)
                                                      0.218    21.500 r  genblk1[2].key_expansion_inst_11/genblk1[3].aes_sbox_inst/g0_b7__93/O
                         net (fo=1, routed)           0.020    21.520    genblk2[10].round_inst/sb_inst/genblk1[14].aes_sbox_inst/g0_b0__100_i_9_0
    SLICE_X81Y139        MUXF7 (Prop_F7MUX_GH_SLICEM_I0_O)
                                                      0.117    21.637 r  genblk2[10].round_inst/sb_inst/genblk1[14].aes_sbox_inst/g0_b0__100_i_21/O
                         net (fo=1, routed)           0.000    21.637    genblk2[10].round_inst/sb_inst/genblk1[14].aes_sbox_inst/g0_b0__100_i_21_n_0
    SLICE_X81Y139        MUXF8 (Prop_F8MUX_TOP_SLICEM_I0_O)
                                                      0.038    21.675 r  genblk2[10].round_inst/sb_inst/genblk1[14].aes_sbox_inst/g0_b0__100_i_9/O
                         net (fo=4, routed)           0.308    21.983    genblk1[2].key_expansion_inst_11/genblk1[3].aes_sbox_inst/g0_b0__117_i_14
    SLICE_X83Y137        LUT2 (Prop_G6LUT_SLICEM_I1_O)
                                                      0.093    22.076 r  genblk1[2].key_expansion_inst_11/genblk1[3].aes_sbox_inst/g0_b0__101_i_7/O
                         net (fo=6, routed)           0.297    22.373    genblk1[2].key_expansion_inst_11/genblk1[3].aes_sbox_inst/g0_b0__100_i_9
    SLICE_X85Y135        LUT6 (Prop_G6LUT_SLICEL_I1_O)
                                                      0.172    22.545 r  genblk1[2].key_expansion_inst_11/genblk1[3].aes_sbox_inst/g0_b0__101_i_10/O
                         net (fo=1, routed)           0.145    22.690    genblk1[2].key_expansion_inst_11/genblk1[3].aes_sbox_inst/genblk2[10].round_inst/mc_inst/enc_block[51]
    SLICE_X85Y135        LUT2 (Prop_F5LUT_SLICEL_I1_O)
                                                      0.279    22.969 r  genblk1[2].key_expansion_inst_11/genblk1[3].aes_sbox_inst/g0_b0__101_i_4/O
                         net (fo=32, routed)          0.600    23.569    genblk1[2].key_expansion_inst_11/genblk1[3].aes_sbox_inst/round_block[10][51]
    SLICE_X94Y133        LUT6 (Prop_B6LUT_SLICEM_I3_O)
                                                      0.151    23.720 r  genblk1[2].key_expansion_inst_11/genblk1[3].aes_sbox_inst/g2_b7__101/O
                         net (fo=1, routed)           0.022    23.742    genblk2[11].round_inst/sb_inst/genblk1[6].aes_sbox_inst/g0_b0__124_i_9_2
    SLICE_X94Y133        MUXF7 (Prop_F7MUX_AB_SLICEM_I0_O)
                                                      0.119    23.861 r  genblk2[11].round_inst/sb_inst/genblk1[6].aes_sbox_inst/g0_b0__124_i_22/O
                         net (fo=1, routed)           0.000    23.861    genblk2[11].round_inst/sb_inst/genblk1[6].aes_sbox_inst/g0_b0__124_i_22_n_0
    SLICE_X94Y133        MUXF8 (Prop_F8MUX_BOT_SLICEM_I1_O)
                                                      0.041    23.902 r  genblk2[11].round_inst/sb_inst/genblk1[6].aes_sbox_inst/g0_b0__124_i_9/O
                         net (fo=5, routed)           0.443    24.345    genblk1[2].key_expansion_inst_11/genblk1[3].aes_sbox_inst/g0_b0__124_i_5
    SLICE_X97Y130        LUT2 (Prop_B5LUT_SLICEL_I0_O)
                                                      0.274    24.619 r  genblk1[2].key_expansion_inst_11/genblk1[3].aes_sbox_inst/g0_b0__124_i_23/O
                         net (fo=2, routed)           0.238    24.857    genblk1[2].key_expansion_inst_11/genblk1[3].aes_sbox_inst/g0_b0__124_i_23_n_0
    SLICE_X96Y129        LUT6 (Prop_C6LUT_SLICEM_I5_O)
                                                      0.149    25.006 r  genblk1[2].key_expansion_inst_11/genblk1[3].aes_sbox_inst/g0_b0__124_i_13/O
                         net (fo=1, routed)           0.057    25.063    genblk1[2].key_expansion_inst_11/genblk1[1].aes_sbox_inst/g0_b0__124_0[11]
    SLICE_X96Y129        LUT2 (Prop_A6LUT_SLICEM_I1_O)
                                                      0.152    25.215 r  genblk1[2].key_expansion_inst_11/genblk1[1].aes_sbox_inst/g0_b0__124_i_4/O
                         net (fo=32, routed)          0.462    25.677    genblk1[2].key_expansion_inst_11/genblk1[1].aes_sbox_inst/round_block[11][107]
    SLICE_X98Y127        LUT6 (Prop_D6LUT_SLICEL_I3_O)
                                                      0.173    25.850 r  genblk1[2].key_expansion_inst_11/genblk1[1].aes_sbox_inst/g0_b4__124/O
                         net (fo=1, routed)           0.013    25.863    genblk2[12].round_inst/sb_inst/genblk1[13].aes_sbox_inst/g0_b0__135_i_21_0
    SLICE_X98Y127        MUXF7 (Prop_F7MUX_CD_SLICEL_I0_O)
                                                      0.109    25.972 r  genblk2[12].round_inst/sb_inst/genblk1[13].aes_sbox_inst/g0_b0__135_i_52/O
                         net (fo=1, routed)           0.000    25.972    genblk2[12].round_inst/sb_inst/genblk1[13].aes_sbox_inst/g0_b0__135_i_52_n_0
    SLICE_X98Y127        MUXF8 (Prop_F8MUX_BOT_SLICEL_I0_O)
                                                      0.035    26.007 r  genblk2[12].round_inst/sb_inst/genblk1[13].aes_sbox_inst/g0_b0__135_i_21/O
                         net (fo=5, routed)           0.777    26.784    genblk1[2].key_expansion_inst_11/genblk1[1].aes_sbox_inst/g0_b0__135_i_5_0
    SLICE_X94Y125        LUT6 (Prop_H6LUT_SLICEM_I0_O)
                                                      0.096    26.880 r  genblk1[2].key_expansion_inst_11/genblk1[1].aes_sbox_inst/g0_b0__135_i_18/O
                         net (fo=1, routed)           0.087    26.967    genblk1[2].key_expansion_inst_11/genblk1[1].aes_sbox_inst/genblk2[12].round_inst/mc_inst/enc_block0129_out[4]
    SLICE_X94Y125        LUT3 (Prop_B6LUT_SLICEM_I2_O)
                                                      0.252    27.219 r  genblk1[2].key_expansion_inst_11/genblk1[1].aes_sbox_inst/g0_b0__135_i_5/O
                         net (fo=32, routed)          0.214    27.433    genblk1[2].key_expansion_inst_11/genblk1[1].aes_sbox_inst/round_block[12][68]
    SLICE_X93Y125        LUT6 (Prop_H6LUT_SLICEM_I4_O)
                                                      0.174    27.607 r  genblk1[2].key_expansion_inst_11/genblk1[1].aes_sbox_inst/g0_b7__135/O
                         net (fo=1, routed)           0.020    27.627    genblk2[13].round_inst/sb_inst/genblk1[8].aes_sbox_inst/g0_b0__154_i_8_0
    SLICE_X93Y125        MUXF7 (Prop_F7MUX_GH_SLICEM_I0_O)
                                                      0.117    27.744 r  genblk2[13].round_inst/sb_inst/genblk1[8].aes_sbox_inst/g0_b0__154_i_17/O
                         net (fo=1, routed)           0.000    27.744    genblk2[13].round_inst/sb_inst/genblk1[8].aes_sbox_inst/g0_b0__154_i_17_n_0
    SLICE_X93Y125        MUXF8 (Prop_F8MUX_TOP_SLICEM_I0_O)
                                                      0.038    27.782 r  genblk2[13].round_inst/sb_inst/genblk1[8].aes_sbox_inst/g0_b0__154_i_8/O
                         net (fo=4, routed)           0.536    28.318    genblk1[2].key_expansion_inst_11/genblk1[0].aes_sbox_inst/g0_b0__154_i_12
    SLICE_X89Y126        LUT2 (Prop_F5LUT_SLICEM_I1_O)
                                                      0.176    28.494 r  genblk1[2].key_expansion_inst_11/genblk1[0].aes_sbox_inst/g0_b0__154_i_19/O
                         net (fo=3, routed)           0.286    28.780    genblk1[2].key_expansion_inst_11/genblk1[0].aes_sbox_inst/g0_b0__154_i_8
    SLICE_X90Y128        LUT6 (Prop_B6LUT_SLICEL_I5_O)
                                                      0.172    28.952 r  genblk1[2].key_expansion_inst_11/genblk1[0].aes_sbox_inst/g0_b0__154_i_13/O
                         net (fo=1, routed)           0.202    29.154    genblk1[2].key_expansion_inst_11/genblk1[3].aes_sbox_inst/g0_b0__154_3[2]
    SLICE_X88Y128        LUT6 (Prop_G6LUT_SLICEM_I5_O)
                                                      0.151    29.305 r  genblk1[2].key_expansion_inst_11/genblk1[3].aes_sbox_inst/g0_b0__154_i_5/O
                         net (fo=32, routed)          0.524    29.829    genblk1[2].key_expansion_inst_11/genblk1[3].aes_sbox_inst/round_block[13][92]
    SLICE_X90Y113        LUT6 (Prop_A6LUT_SLICEL_I4_O)
                                                      0.172    30.001 r  genblk1[2].key_expansion_inst_11/genblk1[3].aes_sbox_inst/g3_b1__154/O
                         net (fo=1, routed)           0.014    30.015    genblk2[14].round_inst/sb_inst/genblk1[11].aes_sbox_inst/output_block_reg_reg[121]_i_3_3
    SLICE_X90Y113        MUXF7 (Prop_F7MUX_AB_SLICEL_I1_O)
                                                      0.111    30.126 r  genblk2[14].round_inst/sb_inst/genblk1[11].aes_sbox_inst/output_block_reg_reg[121]_i_5/O
                         net (fo=1, routed)           0.000    30.126    genblk2[14].round_inst/sb_inst/genblk1[11].aes_sbox_inst/output_block_reg_reg[121]_i_5_n_0
    SLICE_X90Y113        MUXF8 (Prop_F8MUX_BOT_SLICEL_I1_O)
                                                      0.035    30.161 r  genblk2[14].round_inst/sb_inst/genblk1[11].aes_sbox_inst/output_block_reg_reg[121]_i_3/O
                         net (fo=1, routed)           0.222    30.383    genblk1[2].key_expansion_inst_11/genblk1[3].aes_sbox_inst/output_block_reg_reg[121]
    SLICE_X90Y113        LUT3 (Prop_H5LUT_SLICEL_I2_O)
                                                      0.267    30.650 r  genblk1[2].key_expansion_inst_11/genblk1[3].aes_sbox_inst/output_block_reg[121]_i_1/O
                         net (fo=1, routed)           0.030    30.680    output_block[121]
    SLICE_X90Y113        FDRE                                         r  output_block_reg_reg[121]/D
  -------------------------------------------------------------------    -------------------

                         (clock clk rise edge)       32.200    32.200 r  
                                                      0.000    32.200 r  Clk (IN)
                         net (fo=662, unset)          0.034    32.234    Clk
    SLICE_X90Y113        FDRE                                         r  output_block_reg_reg[121]/C
                         clock pessimism              0.000    32.234    
                         clock uncertainty           -0.035    32.199    
    SLICE_X90Y113        FDRE (Setup_HFF2_SLICEL_C_D)
                                                      0.044    32.243    output_block_reg_reg[121]
  -------------------------------------------------------------------
                         required time                         32.243    
                         arrival time                         -30.680    
  -------------------------------------------------------------------
                         slack                                  1.563    





Min Delay Paths
--------------------------------------------------------------------------------------
Slack (MET) :             0.108ns  (arrival time - required time)
  Source:                 state_reg_reg[2]/C
                            (rising edge-triggered cell FDRE clocked by clk  {rise@0.000ns fall@16.100ns period=32.200ns})
  Destination:            state_reg_reg[2]/D
                            (rising edge-triggered cell FDRE clocked by clk  {rise@0.000ns fall@16.100ns period=32.200ns})
  Path Group:             clk
  Path Type:              Hold (Min at Fast Process Corner)
  Requirement:            0.000ns  (clk rise@0.000ns - clk rise@0.000ns)
  Data Path Delay:        0.157ns  (logic 0.106ns (67.556%)  route 0.051ns (32.444%))
  Logic Levels:           1  (LUT6=1)
  Clock Path Skew:        0.005ns (DCD - SCD - CPR)
    Destination Clock Delay (DCD):    0.019ns
    Source Clock Delay      (SCD):    0.014ns
    Clock Pessimism Removal (CPR):    -0.000ns

    Location             Delay type                Incr(ns)  Path(ns)    Netlist Resource(s)
  -------------------------------------------------------------------    -------------------
                         (clock clk rise edge)        0.000     0.000 r  
                                                      0.000     0.000 r  Clk (IN)
                         net (fo=662, unset)          0.014     0.014    Clk
    SLICE_X76Y182        FDRE                                         r  state_reg_reg[2]/C
  -------------------------------------------------------------------    -------------------
    SLICE_X76Y182        FDRE (Prop_BFF_SLICEL_C_Q)
                                                      0.084     0.098 r  state_reg_reg[2]/Q
                         net (fo=12, routed)          0.034     0.132    state_reg[2]
    SLICE_X76Y182        LUT6 (Prop_B6LUT_SLICEL_I5_O)
                                                      0.022     0.154 r  state_reg[2]_i_1/O
                         net (fo=1, routed)           0.017     0.171    next_state[2]
    SLICE_X76Y182        FDRE                                         r  state_reg_reg[2]/D
  -------------------------------------------------------------------    -------------------

                         (clock clk rise edge)        0.000     0.000 r  
                                                      0.000     0.000 r  Clk (IN)
                         net (fo=662, unset)          0.019     0.019    Clk
    SLICE_X76Y182        FDRE                                         r  state_reg_reg[2]/C
                         clock pessimism              0.000     0.019    
    SLICE_X76Y182        FDRE (Hold_BFF_SLICEL_C_D)
                                                      0.044     0.063    state_reg_reg[2]
  -------------------------------------------------------------------
                         required time                         -0.063    
                         arrival time                           0.171    
  -------------------------------------------------------------------
                         slack                                  0.108    





Pulse Width Checks
--------------------------------------------------------------------------------------
Clock Name:         clk
Waveform(ns):       { 0.000 16.100 }
Period(ns):         32.200
Sources:            { Clk }

Check Type        Corner  Lib Pin  Reference Pin  Required(ns)  Actual(ns)  Slack(ns)  Location       Pin
Min Period        n/a     FDRE/C   n/a            0.550         32.200      31.650     SLICE_X76Y182  block_last_reg_reg/C
Low Pulse Width   Slow    FDRE/C   n/a            0.275         16.100      15.825     SLICE_X76Y182  block_last_reg_reg/C
High Pulse Width  Slow    FDRE/C   n/a            0.275         16.100      15.825     SLICE_X76Y182  block_last_reg_reg/C



Copyright 1986-2022 Xilinx, Inc. All Rights Reserved. Copyright 2022-2024 Advanced Micro Devices, Inc. All Rights Reserved.
--------------------------------------------------------------------------------------------------------------------------------------------------
| Tool Version      : Vivado v.2024.2 (lin64) Build 5239630 Fri Nov 08 22:34:34 MST 2024
| Date              : Fri Feb 20 21:23:28 2026
| Host              : laptop running 64-bit Ubuntu 24.04.3 LTS
| Command           : report_clock_utilization -file aes_ctr_unrolled.rpt -append
| Design            : aes_ctr_unrolled
| Device            : xczu7ev-ffvf1517
| Speed File        : -1LV  PRODUCTION 1.30 05-15-2022
| Temperature Grade : I
| Design State      : Routed
--------------------------------------------------------------------------------------------------------------------------------------------------

Clock Utilization Report

Table of Contents
-----------------
1. Clock Primitive Utilization
2. Global Clock Resources
3. Global Clock Source Details
4. Clock Regions : Clock Primitives
5. Clock Regions : Load Primitives
6. Clock Regions : Global Clock Summary
7. Clock Regions : Routing Resource Utilization

1. Clock Primitive Utilization
------------------------------

+------------+------+-----------+-----+--------------+--------+
| Type       | Used | Available | LOC | Clock Region | Pblock |
+------------+------+-----------+-----+--------------+--------+
| BUFGCE     |    0 |       208 |   0 |            0 |      0 |
| BUFGCE_DIV |    0 |        32 |   0 |            0 |      0 |
| BUFGCTRL   |    0 |        64 |   0 |            0 |      0 |
| BUFG_GT    |    0 |       144 |   0 |            0 |      0 |
| BUFG_PS    |    0 |        96 |   0 |            0 |      0 |
| MMCM       |    0 |         8 |   0 |            0 |      0 |
| PLL        |    0 |        16 |   0 |            0 |      0 |
+------------+------+-----------+-----+--------------+--------+


2. Global Clock Resources
-------------------------

+-----------+-----------+-----------------+------------+------+--------------+------+-------------------+------------------+-------------------+-------------+-----------------+--------------+-------+------------+-----+
| Global Id | Source Id | Driver Type/Pin | Constraint | Site | Clock Region | Root | Clock Delay Group | Clock Low Fanout | Load Clock Region | Clock Loads | Non-Clock Loads | Clock Period | Clock | Driver Pin | Net |
+-----------+-----------+-----------------+------------+------+--------------+------+-------------------+------------------+-------------------+-------------+-----------------+--------------+-------+------------+-----+
* Clock Loads column represents cell count of net connects that connect to a clock pin. Internal cell leaf pins are not considered
** Non-Clock Loads column represents cell count of non-clock pin loads


3. Global Clock Source Details
------------------------------

+-----------+-----------+-----------------+------------+------+--------------+-------------+-----------------+---------------------+--------------+------------+-----+
| Source Id | Global Id | Driver Type/Pin | Constraint | Site | Clock Region | Clock Loads | Non-Clock Loads | Source Clock Period | Source Clock | Driver Pin | Net |
+-----------+-----------+-----------------+------------+------+--------------+-------------+-----------------+---------------------+--------------+------------+-----+
* Clock Loads column represents cell count of net connects that connect to a clock pin. Internal cell leaf pins are not considered
** Non-Clock Loads column represents cell count of non-clock pin loads


4. Clock Regions : Clock Primitives
-----------------------------------

+-------------------+---------------+---------------+---------------+---------------+---------------+---------------+---------------+---------------+
|                   |  Global Clock |     BUFGCE    |   BUFGCE_DIV  |    BUFGCTRL   |    BUFG_GT    |    BUFG_PS    |      MMCM     |      PLL      |
+-------------------+-------+-------+-------+-------+-------+-------+-------+-------+-------+-------+-------+-------+-------+-------+-------+-------+
| Clock Region Name | Used  | Avail | Used  | Avail | Used  | Avail | Used  | Avail | Used  | Avail | Used  | Avail | Used  | Avail | Used  | Avail |
+-------------------+-------+-------+-------+-------+-------+-------+-------+-------+-------+-------+-------+-------+-------+-------+-------+-------+
| X0Y0              |     0 |     0 |     0 |     0 |     0 |     0 |     0 |     0 |     0 |     0 |     0 |     0 |     0 |     0 |     0 |     0 |
| X1Y0              |     0 |    24 |     0 |     0 |     0 |     0 |     0 |     0 |     0 |     0 |     0 |    24 |     0 |     0 |     0 |     0 |
| X2Y0              |     0 |    24 |     0 |    24 |     0 |     4 |     0 |     8 |     0 |     0 |     0 |     0 |     0 |     1 |     0 |     2 |
| X3Y0              |     0 |    24 |     0 |     0 |     0 |     0 |     0 |     0 |     0 |    24 |     0 |     0 |     0 |     0 |     0 |     0 |
| X0Y1              |     0 |     0 |     0 |     0 |     0 |     0 |     0 |     0 |     0 |     0 |     0 |     0 |     0 |     0 |     0 |     0 |
| X1Y1              |     0 |    24 |     0 |     0 |     0 |     0 |     0 |     0 |     0 |     0 |     0 |    24 |     0 |     0 |     0 |     0 |
| X2Y1              |     0 |    24 |     0 |    24 |     0 |     4 |     0 |     8 |     0 |     0 |     0 |     0 |     0 |     1 |     0 |     2 |
| X3Y1              |     0 |    24 |     0 |     0 |     0 |     0 |     0 |     0 |     0 |    24 |     0 |     0 |     0 |     0 |     0 |     0 |
| X0Y2              |     0 |     0 |     0 |     0 |     0 |     0 |     0 |     0 |     0 |     0 |     0 |     0 |     0 |     0 |     0 |     0 |
| X1Y2              |     0 |    24 |     0 |     0 |     0 |     0 |     0 |     0 |     0 |     0 |     0 |    24 |     0 |     0 |     0 |     0 |
| X2Y2              |     0 |    24 |     0 |    24 |     0 |     4 |     0 |     8 |     0 |     0 |     0 |     0 |     0 |     1 |     0 |     2 |
| X3Y2              |     0 |    24 |     0 |     0 |     0 |     0 |     0 |     0 |     0 |    24 |     0 |     0 |     0 |     0 |     0 |     0 |
| X0Y3              |     0 |     0 |     0 |     0 |     0 |     0 |     0 |     0 |     0 |     0 |     0 |     0 |     0 |     0 |     0 |     0 |
| X1Y3              |     0 |    24 |     0 |     0 |     0 |     0 |     0 |     0 |     0 |     0 |     0 |    24 |     0 |     0 |     0 |     0 |
| X2Y3              |     0 |    24 |     0 |    24 |     0 |     4 |     0 |     8 |     0 |     0 |     0 |     0 |     0 |     1 |     0 |     2 |
| X3Y3              |     0 |    24 |     0 |     0 |     0 |     0 |     0 |     0 |     0 |    24 |     0 |     0 |     0 |     0 |     0 |     0 |
| X0Y4              |     0 |    24 |     0 |    28 |     0 |     4 |     0 |     8 |     0 |     0 |     0 |     0 |     0 |     1 |     0 |     2 |
| X1Y4              |     0 |    24 |     0 |     0 |     0 |     0 |     0 |     0 |     0 |     0 |     0 |     0 |     0 |     0 |     0 |     0 |
| X2Y4              |     0 |    24 |     0 |    24 |     0 |     4 |     0 |     8 |     0 |     0 |     0 |     0 |     0 |     1 |     0 |     2 |
| X3Y4              |     0 |    24 |     0 |     4 |     0 |     0 |     0 |     0 |     0 |    24 |     0 |     0 |     0 |     0 |     0 |     0 |
| X0Y5              |     0 |    24 |     0 |    28 |     0 |     4 |     0 |     8 |     0 |     0 |     0 |     0 |     0 |     1 |     0 |     2 |
| X1Y5              |     0 |    24 |     0 |     0 |     0 |     0 |     0 |     0 |     0 |     0 |     0 |     0 |     0 |     0 |     0 |     0 |
| X2Y5              |     0 |    24 |     0 |    24 |     0 |     4 |     0 |     8 |     0 |     0 |     0 |     0 |     0 |     1 |     0 |     2 |
| X3Y5              |     0 |    24 |     0 |     4 |     0 |     0 |     0 |     0 |     0 |    24 |     0 |     0 |     0 |     0 |     0 |     0 |
+-------------------+-------+-------+-------+-------+-------+-------+-------+-------+-------+-------+-------+-------+-------+-------+-------+-------+
* Global Clock column represents track count; while other columns represents cell counts


5. Clock Regions : Load Primitives
----------------------------------

+-------------------+------------------+------------------+------------------+------------------+------------------+------------------+------------------+------------------+
|                   |   Global Clock   |        FF        |      LUTRAM      |  Block RAM (18K) |       URAM       |        DSP       |        GT        |      HARD IP     |
+-------------------+--------+---------+--------+---------+--------+---------+--------+---------+--------+---------+--------+---------+--------+---------+--------+---------+
| Clock Region Name | Used   | Avail   | Used   | Avail   | Used   | Avail   | Used   | Avail   | Used   | Avail   | Used   | Avail   | Used   | Avail   | Used   | Avail   |
+-------------------+--------+---------+--------+---------+--------+---------+--------+---------+--------+---------+--------+---------+--------+---------+--------+---------+
| X0Y0              |      0 |       0 |      0 |       0 |      0 |       0 |      0 |       0 |      0 |       0 |      0 |       0 |      0 |       0 |      0 |       0 |
| X1Y0              |      0 |      24 |      0 |   17280 |      0 |    4320 |      0 |      24 |      0 |      16 |      0 |      96 |      0 |       0 |      0 |       0 |
| X2Y0              |      0 |      24 |      0 |   22080 |      0 |    5760 |      0 |      24 |      0 |       0 |      0 |     120 |      0 |       0 |      0 |       0 |
| X3Y0              |      0 |      24 |      0 |   22080 |      0 |    3360 |      0 |      48 |      0 |       0 |      0 |      48 |      0 |       4 |      0 |       1 |
| X0Y1              |      0 |       0 |      0 |       0 |      0 |       0 |      0 |       0 |      0 |       0 |      0 |       0 |      0 |       0 |      0 |       0 |
| X1Y1              |      0 |      24 |      0 |   17280 |      0 |    4320 |      0 |      24 |      0 |      16 |      0 |      96 |      0 |       0 |      0 |       0 |
| X2Y1              |      0 |      24 |      0 |   22080 |      0 |    5760 |      0 |      24 |      0 |       0 |      0 |     120 |      0 |       0 |      0 |       0 |
| X3Y1              |      0 |      24 |      0 |   22080 |      0 |    3360 |      0 |      48 |      0 |       0 |      0 |      48 |      0 |       4 |      0 |       1 |
| X0Y2              |      0 |       0 |      0 |       0 |      0 |       0 |      0 |       0 |      0 |       0 |      0 |       0 |      0 |       0 |      0 |       0 |
| X1Y2              |      0 |      24 |      0 |   17280 |      0 |    4320 |      0 |      24 |      0 |      16 |      0 |      96 |      0 |       0 |      0 |       0 |
| X2Y2              |      0 |      24 |      0 |   22080 |      0 |    5760 |      0 |      24 |      0 |       0 |      0 |     120 |      0 |       0 |      0 |       0 |
| X3Y2              |      0 |      24 |      0 |   22080 |      0 |    3360 |      0 |      48 |      0 |       0 |      0 |      48 |      0 |       4 |      0 |       0 |
| X0Y3              |      0 |       0 |      0 |       0 |      0 |       0 |      0 |       0 |      0 |       0 |      0 |       0 |      0 |       0 |      0 |       0 |
| X1Y3              |      0 |      24 |      0 |   17280 |      0 |    4320 |      0 |      24 |      0 |      16 |      0 |      96 |      0 |       0 |      0 |       0 |
| X2Y3              |      0 |      24 |      0 |   22080 |      0 |    5760 |      0 |      24 |      0 |       0 |      0 |     120 |      0 |       0 |      0 |       0 |
| X3Y3              |      0 |      24 |      0 |   22080 |      0 |    3360 |      0 |      48 |      0 |       0 |      0 |      48 |      0 |       4 |      0 |       0 |
| X0Y4              |      0 |      24 |      0 |   40320 |      0 |    9120 |      0 |      24 |      0 |       0 |      0 |      48 |      0 |       0 |      0 |       0 |
| X1Y4              |      0 |      24 |      0 |   23040 |      0 |    5760 |      0 |      24 |      0 |      16 |      0 |     120 |      0 |       0 |      0 |       0 |
| X2Y4              |      0 |      24 |      0 |   22080 |      0 |    5760 |      0 |      24 |      0 |       0 |      0 |     120 |      0 |       0 |      0 |       0 |
| X3Y4              |      0 |      24 |      0 |   22080 |      0 |    3360 |      0 |      48 |      0 |       0 |      0 |      48 |      0 |       4 |      0 |       0 |
| X0Y5              |      0 |      24 |      0 |   40320 |      0 |    9120 |      0 |      24 |      0 |       0 |      0 |      48 |      0 |       0 |      0 |       0 |
| X1Y5              |      0 |      24 |      0 |   23040 |      0 |    5760 |      0 |      24 |      0 |      16 |      0 |     120 |      0 |       0 |      0 |       0 |
| X2Y5              |      0 |      24 |      0 |   22080 |      0 |    5760 |      0 |      24 |      0 |       0 |      0 |     120 |      0 |       0 |      0 |       0 |
| X3Y5              |      0 |      24 |      0 |   22080 |      0 |    3360 |      0 |      48 |      0 |       0 |      0 |      48 |      0 |       4 |      0 |       0 |
+-------------------+--------+---------+--------+---------+--------+---------+--------+---------+--------+---------+--------+---------+--------+---------+--------+---------+
* Global Clock column represents track count; while other columns represents cell counts


6. Clock Regions : Global Clock Summary
---------------------------------------

All Modules
+----+----+----+----+----+
|    | X0 | X1 | X2 | X3 |
+----+----+----+----+----+
| Y5 |  0 |  0 |  0 |  0 |
| Y4 |  0 |  0 |  0 |  0 |
| Y3 |  0 |  0 |  0 |  0 |
| Y2 |  0 |  0 |  0 |  0 |
| Y1 |  0 |  0 |  0 |  0 |
| Y0 |  0 |  0 |  0 |  0 |
+----+----+----+----+----+


7. Clock Regions : Routing Resource Utilization
-----------------------------------------------

All Modules
+-------------------+----------------------+----------------------+----------------------+----------------------+
|                   |        HROUTES       |        HDISTRS       |        VROUTES       |        VDISTRS       |
+-------------------+------+-------+-------+------+-------+-------+------+-------+-------+------+-------+-------+
| Clock Region Name | Used | Avail | Util% | Used | Avail | Util% | Used | Avail | Util% | Used | Avail | Util% |
+-------------------+------+-------+-------+------+-------+-------+------+-------+-------+------+-------+-------+
| X0Y0              |    0 |     0 |  0.00 |    0 |     0 |  0.00 |    0 |     0 |  0.00 |    0 |     0 |  0.00 |
| X1Y0              |    0 |    24 |  0.00 |    0 |    24 |  0.00 |    0 |    24 |  0.00 |    0 |    24 |  0.00 |
| X2Y0              |    0 |    24 |  0.00 |    0 |    24 |  0.00 |    0 |    24 |  0.00 |    0 |    24 |  0.00 |
| X3Y0              |    0 |    24 |  0.00 |    0 |    24 |  0.00 |    0 |    24 |  0.00 |    0 |    24 |  0.00 |
| X0Y1              |    0 |     0 |  0.00 |    0 |     0 |  0.00 |    0 |     0 |  0.00 |    0 |     0 |  0.00 |
| X1Y1              |    0 |    24 |  0.00 |    0 |    24 |  0.00 |    0 |    24 |  0.00 |    0 |    24 |  0.00 |
| X2Y1              |    0 |    24 |  0.00 |    0 |    24 |  0.00 |    0 |    24 |  0.00 |    0 |    24 |  0.00 |
| X3Y1              |    0 |    24 |  0.00 |    0 |    24 |  0.00 |    0 |    24 |  0.00 |    0 |    24 |  0.00 |
| X0Y2              |    0 |     0 |  0.00 |    0 |     0 |  0.00 |    0 |     0 |  0.00 |    0 |     0 |  0.00 |
| X1Y2              |    0 |    24 |  0.00 |    0 |    24 |  0.00 |    0 |    24 |  0.00 |    0 |    24 |  0.00 |
| X2Y2              |    0 |    24 |  0.00 |    0 |    24 |  0.00 |    0 |    24 |  0.00 |    0 |    24 |  0.00 |
| X3Y2              |    0 |    24 |  0.00 |    0 |    24 |  0.00 |    0 |    24 |  0.00 |    0 |    24 |  0.00 |
| X0Y3              |    0 |     0 |  0.00 |    0 |     0 |  0.00 |    0 |     0 |  0.00 |    0 |     0 |  0.00 |
| X1Y3              |    0 |    24 |  0.00 |    0 |    24 |  0.00 |    0 |    24 |  0.00 |    0 |    24 |  0.00 |
| X2Y3              |    0 |    24 |  0.00 |    0 |    24 |  0.00 |    0 |    24 |  0.00 |    0 |    24 |  0.00 |
| X3Y3              |    0 |    24 |  0.00 |    0 |    24 |  0.00 |    0 |    24 |  0.00 |    0 |    24 |  0.00 |
| X0Y4              |    0 |    24 |  0.00 |    0 |    24 |  0.00 |    0 |    24 |  0.00 |    0 |    24 |  0.00 |
| X1Y4              |    0 |    24 |  0.00 |    0 |    24 |  0.00 |    0 |    24 |  0.00 |    0 |    24 |  0.00 |
| X2Y4              |    0 |    24 |  0.00 |    0 |    24 |  0.00 |    0 |    24 |  0.00 |    0 |    24 |  0.00 |
| X3Y4              |    0 |    24 |  0.00 |    0 |    24 |  0.00 |    0 |    24 |  0.00 |    0 |    24 |  0.00 |
| X0Y5              |    0 |    24 |  0.00 |    0 |    24 |  0.00 |    0 |    24 |  0.00 |    0 |    24 |  0.00 |
| X1Y5              |    0 |    24 |  0.00 |    0 |    24 |  0.00 |    0 |    24 |  0.00 |    0 |    24 |  0.00 |
| X2Y5              |    0 |    24 |  0.00 |    0 |    24 |  0.00 |    0 |    24 |  0.00 |    0 |    24 |  0.00 |
| X3Y5              |    0 |    24 |  0.00 |    0 |    24 |  0.00 |    0 |    24 |  0.00 |    0 |    24 |  0.00 |
+-------------------+------+-------+-------+------+-------+-------+------+-------+-------+------+-------+-------+


Copyright 1986-2022 Xilinx, Inc. All Rights Reserved. Copyright 2022-2024 Advanced Micro Devices, Inc. All Rights Reserved.
---------------------------------------------------------------------------------------------------------------------------------------------
| Tool Version : Vivado v.2024.2 (lin64) Build 5239630 Fri Nov 08 22:34:34 MST 2024
| Date         : Fri Feb 20 21:23:34 2026
| Host         : laptop running 64-bit Ubuntu 24.04.3 LTS
| Command      : report_drc -file aes_ctr_unrolled.rpt -append
| Design       : aes_ctr_unrolled
| Device       : xczu7ev-ffvf1517-1LV-i
| Speed File   : -1LV
| Design State : Fully Routed
---------------------------------------------------------------------------------------------------------------------------------------------

Report DRC

Table of Contents
-----------------
1. REPORT SUMMARY
2. REPORT DETAILS

1. REPORT SUMMARY
-----------------
            Netlist: netlist
          Floorplan: checkpoint_aes_ctr_unrolled
      Design limits: <entire design considered>
           Ruledeck: default
             Max checks: <unlimited>
             Checks found: 0
+------+----------+-------------+--------+
| Rule | Severity | Description | Checks |
+------+----------+-------------+--------+
+------+----------+-------------+--------+

2. REPORT DETAILS
-----------------

Design Route Status
                                               :      # nets :
   ------------------------------------------- : ----------- :
   # of logical nets.......................... :       20413 :
       # of nets not needing routing.......... :       12077 :
           # of internally routed nets........ :       11782 :
           # of implicitly routed ports....... :         295 :
       # of routable nets..................... :        8336 :
           # of fully routed nets............. :        8336 :
       # of nets with routing errors.......... :           0 :
   ------------------------------------------- : ----------- :

Copyright 1986-2022 Xilinx, Inc. All Rights Reserved. Copyright 2022-2024 Advanced Micro Devices, Inc. All Rights Reserved.
-------------------------------------------------------------------------------------------------------------------------------------------------
| Tool Version     : Vivado v.2024.2 (lin64) Build 5239630 Fri Nov 08 22:34:34 MST 2024
| Date             : Fri Feb 20 21:23:56 2026
| Host             : laptop running 64-bit Ubuntu 24.04.3 LTS
| Command          : report_power -file aes_ctr_unrolled.rpt -append
| Design           : aes_ctr_unrolled
| Device           : xczu7ev-ffvf1517-1LV-i
| Design State     : routed
| Grade            : industrial
| Process          : typical
| Characterization : Production
-------------------------------------------------------------------------------------------------------------------------------------------------

Power Report

Table of Contents
-----------------
1. Summary
1.1 On-Chip Components
1.2 Power Supply Summary
1.3 Confidence Level
2. Settings
2.1 Environment
2.2 Clock Constraints
3. Detailed Reports
3.1 By Hierarchy

1. Summary
----------

+--------------------------+--------------+
| Total On-Chip Power (W)  | 1.031        |
| Design Power Budget (W)  | Unspecified* |
| Power Budget Margin (W)  | NA           |
| Dynamic (W)              | 0.468        |
| Device Static (W)        | 0.564        |
| Effective TJA (C/W)      | 0.9          |
| Max Ambient (C)          | 99.1         |
| Junction Temperature (C) | 25.9         |
| Confidence Level         | Medium       |
| Setting File             | ---          |
| Simulation Activity File | ---          |
| Design Nets Matched      | NA           |
+--------------------------+--------------+
* Specify Design Power Budget using, set_operating_conditions -design_power_budget <value in Watts>


1.1 On-Chip Components
----------------------

+----------------+-----------+----------+-----------+-----------------+
| On-Chip        | Power (W) | Used     | Available | Utilization (%) |
+----------------+-----------+----------+-----------+-----------------+
| Clocks         |    <0.001 |        3 |       --- |             --- |
| CLB Logic      |     0.234 |    20138 |       --- |             --- |
|   LUT as Logic |     0.234 |    13182 |    230400 |            5.72 |
|   CARRY8       |    <0.001 |       16 |     28800 |            0.06 |
|   Register     |    <0.001 |      663 |    460800 |            0.14 |
|   Others       |     0.000 |        3 |       --- |             --- |
|   F7/F8 Muxes  |     0.000 |     6016 |    230400 |            2.61 |
| Signals        |     0.233 |     8334 |       --- |             --- |
| Static Power   |     0.564 |          |           |                 |
| Total          |     1.031 |          |           |                 |
+----------------+-----------+----------+-----------+-----------------+


1.2 Power Supply Summary
------------------------

+-----------------+-------------+-----------+-------------+------------+-------------+-------------+------------+
| Source          | Voltage (V) | Total (A) | Dynamic (A) | Static (A) | Powerup (A) | Budget (A)  | Margin (A) |
+-----------------+-------------+-----------+-------------+------------+-------------+-------------+------------+
| Vccint          |       0.720 |     0.770 |       0.649 |      0.120 |       NA    | Unspecified | NA         |
| Vccint_io       |       0.850 |     0.070 |       0.000 |      0.070 |       NA    | Unspecified | NA         |
| Vccbram         |       0.850 |     0.002 |       0.000 |      0.002 |       NA    | Unspecified | NA         |
| Vccaux          |       1.800 |     0.148 |       0.000 |      0.148 |       NA    | Unspecified | NA         |
| Vccaux_io       |       1.800 |     0.055 |       0.000 |      0.055 |       NA    | Unspecified | NA         |
| Vcco33          |       3.300 |     0.000 |       0.000 |      0.000 |       NA    | Unspecified | NA         |
| Vcco25          |       2.500 |     0.000 |       0.000 |      0.000 |       NA    | Unspecified | NA         |
| Vcco18          |       1.800 |     0.000 |       0.000 |      0.000 |       NA    | Unspecified | NA         |
| Vcco15          |       1.500 |     0.000 |       0.000 |      0.000 |       NA    | Unspecified | NA         |
| Vcco135         |       1.350 |     0.000 |       0.000 |      0.000 |       NA    | Unspecified | NA         |
| Vcco12          |       1.200 |     0.000 |       0.000 |      0.000 |       NA    | Unspecified | NA         |
| Vcco10          |       1.000 |     0.000 |       0.000 |      0.000 |       NA    | Unspecified | NA         |
| Vccadc          |       1.800 |     0.008 |       0.000 |      0.008 |       NA    | Unspecified | NA         |
| VCC_PSINTFP     |       0.850 |     0.000 |       0.000 |      0.000 |       NA    | Unspecified | NA         |
| VCC_PSINTLP     |       0.850 |     0.005 |       0.000 |      0.005 |       NA    | Unspecified | NA         |
| VPS_MGTRAVCC    |       0.850 |     0.000 |       0.000 |      0.000 |       NA    | Unspecified | NA         |
| VCC_PSINTFP_DDR |       0.850 |     0.000 |       0.000 |      0.000 |       NA    | Unspecified | NA         |
| VCC_PSPLL       |       1.200 |     0.002 |       0.000 |      0.002 |       NA    | Unspecified | NA         |
| VPS_MGTRAVTT    |       1.800 |     0.000 |       0.000 |      0.000 |       NA    | Unspecified | NA         |
| VCCO_PSDDR_504  |       1.200 |     0.000 |       0.000 |      0.000 |       NA    | Unspecified | NA         |
| VCC_PSAUX       |       1.800 |     0.002 |       0.000 |      0.002 |       NA    | Unspecified | NA         |
| VCC_PSBATT      |       1.200 |     0.000 |       0.000 |      0.000 |       NA    | Unspecified | NA         |
| VCC_PSDDR_PLL   |       1.800 |     0.000 |       0.000 |      0.000 |       NA    | Unspecified | NA         |
| VCCO_PSIO0_500  |       3.300 |     0.000 |       0.000 |      0.000 |       NA    | Unspecified | NA         |
| VCCO_PSIO1_501  |       3.300 |     0.000 |       0.000 |      0.000 |       NA    | Unspecified | NA         |
| VCCO_PSIO2_502  |       3.300 |     0.000 |       0.000 |      0.000 |       NA    | Unspecified | NA         |
| VCCO_PSIO3_503  |       3.300 |     0.000 |       0.000 |      0.000 |       NA    | Unspecified | NA         |
| VCC_PSADC       |       1.800 |     0.002 |       0.000 |      0.002 |       NA    | Unspecified | NA         |
| VCCINT_VCU      |       0.900 |     0.025 |       0.000 |      0.025 |       NA    | Unspecified | NA         |
| MGTAVcc         |       0.900 |     0.000 |       0.000 |      0.000 |       NA    | Unspecified | NA         |
| MGTAVtt         |       1.200 |     0.000 |       0.000 |      0.000 |       NA    | Unspecified | NA         |
| MGTVccaux       |       1.800 |     0.000 |       0.000 |      0.000 |       NA    | Unspecified | NA         |
+-----------------+-------------+-----------+-------------+------------+-------------+-------------+------------+


1.3 Confidence Level
--------------------

+-----------------------------+------------+------------------------------------------------+------------------------------------------------------------------------------------------------------------+
| User Input Data             | Confidence | Details                                        | Action                                                                                                     |
+-----------------------------+------------+------------------------------------------------+------------------------------------------------------------------------------------------------------------+
| Design implementation state | High       | Design is routed                               |                                                                                                            |
| Clock nodes activity        | High       | User specified more than 95% of clocks         |                                                                                                            |
| I/O nodes activity          | High       | User specified more than 95% of inputs         |                                                                                                            |
| Internal nodes activity     | Medium     | User specified less than 25% of internal nodes | Provide missing internal nodes activity with simulation results or by editing the "By Resource Type" views |
| Device models               | High       | Device models are Production                   |                                                                                                            |
|                             |            |                                                |                                                                                                            |
| Overall confidence level    | Medium     |                                                |                                                                                                            |
+-----------------------------+------------+------------------------------------------------+------------------------------------------------------------------------------------------------------------+


2. Settings
-----------

2.1 Environment
---------------

+-----------------------+--------------------------+
| Ambient Temp (C)      | 25.0                     |
| ThetaJA (C/W)         | 0.9                      |
| Airflow (LFM)         | 250                      |
| Heat Sink             | medium (Medium Profile)  |
| ThetaSA (C/W)         | 1.2                      |
| Board Selection       | medium (10"x10")         |
| # of Board Layers     | 12to15 (12 to 15 Layers) |
| Board Temperature (C) | 25.0                     |
+-----------------------+--------------------------+


2.2 Clock Constraints
---------------------

+-------+--------+-----------------+
| Clock | Domain | Constraint (ns) |
+-------+--------+-----------------+
| clk   | Clk    |            32.2 |
+-------+--------+-----------------+


3. Detailed Reports
-------------------

3.1 By Hierarchy
----------------

+-------------------------------------+-----------+
| Name                                | Power (W) |
+-------------------------------------+-----------+
| aes_ctr_unrolled                    |     0.468 |
|   genblk1[14].key_expansion_inst_11 |     0.001 |
|   genblk1[2].key_expansion_inst_11  |     0.321 |
|     genblk1[0].aes_sbox_inst        |     0.063 |
|     genblk1[1].aes_sbox_inst        |     0.073 |
|     genblk1[2].aes_sbox_inst        |     0.084 |
|     genblk1[3].aes_sbox_inst        |     0.101 |
|   genblk2[10].round_inst            |     0.002 |
|     sb_inst                         |     0.002 |
|   genblk2[11].round_inst            |     0.002 |
|     sb_inst                         |     0.002 |
|   genblk2[12].round_inst            |     0.002 |
|     sb_inst                         |     0.002 |
|   genblk2[13].round_inst            |     0.002 |
|     sb_inst                         |     0.002 |
|   genblk2[1].round_inst             |     0.117 |
|     sb_inst                         |     0.117 |
|       genblk1[0].aes_sbox_inst      |     0.006 |
|       genblk1[10].aes_sbox_inst     |     0.006 |
|       genblk1[11].aes_sbox_inst     |     0.006 |
|       genblk1[12].aes_sbox_inst     |     0.008 |
|       genblk1[13].aes_sbox_inst     |     0.006 |
|       genblk1[14].aes_sbox_inst     |     0.006 |
|       genblk1[15].aes_sbox_inst     |     0.008 |
|       genblk1[1].aes_sbox_inst      |     0.006 |
|       genblk1[2].aes_sbox_inst      |     0.011 |
|       genblk1[3].aes_sbox_inst      |     0.008 |
|       genblk1[4].aes_sbox_inst      |     0.007 |
|       genblk1[5].aes_sbox_inst      |     0.008 |
|       genblk1[6].aes_sbox_inst      |     0.008 |
|       genblk1[7].aes_sbox_inst      |     0.006 |
|       genblk1[8].aes_sbox_inst      |     0.009 |
|       genblk1[9].aes_sbox_inst      |     0.008 |
|   genblk2[3].round_inst             |     0.002 |
|     sb_inst                         |     0.002 |
|   genblk2[4].round_inst             |     0.001 |
|     sb_inst                         |     0.001 |
|   genblk2[5].round_inst             |     0.002 |
|     sb_inst                         |     0.002 |
|   genblk2[6].round_inst             |     0.002 |
|     sb_inst                         |     0.002 |
|   genblk2[7].round_inst             |     0.002 |
|     sb_inst                         |     0.002 |
|   genblk2[8].round_inst             |     0.002 |
|     sb_inst                         |     0.002 |
|   genblk2[9].round_inst             |     0.002 |
|     sb_inst                         |     0.002 |
+-------------------------------------+-----------+


